[Licensing::Module] Trying to connect to existing licensing client channel...
Built from '6000.3/staging' branch; Version is '6000.3.8f1 (1c7db571dde0) revision 1867189'; Using compiler version '194234433'; Build Type 'Release'
[Licensing::IpcConnector] Successfully connected to: "LicenseClient-wavul" at "2026-05-11T13:34:22.0356694Z"
OS: 'Windows 11  (10.0.26200) CoreSingleLanguage' Language: 'pt' Physical Memory: 16108 MB
BatchMode: 1, IsHumanControllingUs: 0, StartBugReporterOnCrash: 0, Is64bit: 1
System  architecture: x64
Process architecture: x64
Date: 2026-05-11T13:34:22Z

COMMAND LINE ARGUMENTS:
C:\Program Files\Unity\Hub\Editor\6000.3.8f1\Editor\Unity.exe
-adb2
-batchMode
-noUpm
-name
AssetImportWorker1
-projectPath
D:/MasterCrabHunter(cenario)
-logFile
Logs/AssetImportWorker1.log
-srvPort
59715
-licensingIpc
LicenseClient-wavul
-job-worker-count
5
-background-job-worker-count
8
-gc-helper-count
1
-name
AssetImport
Successfully changed project path to: D:/MasterCrabHunter(cenario)
D:/MasterCrabHunter(cenario)
[UnityMemory] Configuration Parameters - Can be set up in boot.config
    "memorysetup-temp-allocator-size-nav-mesh-worker=65536"
    "memorysetup-temp-allocator-size-audio-worker=65536"
    "memorysetup-temp-allocator-size-gfx=262144"
    "memorysetup-allocator-temp-initial-block-size-main=262144"
    "memorysetup-allocator-temp-initial-block-size-worker=262144"
    "memorysetup-temp-allocator-size-background-worker=32768"
    "memorysetup-temp-allocator-size-job-worker=262144"
    "memorysetup-temp-allocator-size-preload-manager=33554432"
    "memorysetup-temp-allocator-size-gi-baking-worker=262144"
    "memorysetup-temp-allocator-size-gi-baking-worker=262144"
    "memorysetup-temp-allocator-size-gi-baking-worker=262144"
    "memorysetup-temp-allocator-size-gi-baking-worker=262144"
    "memorysetup-temp-allocator-size-gi-baking-worker=262144"
    "memorysetup-bucket-allocator-granularity=16"
    "memorysetup-bucket-allocator-bucket-count=8"
    "memorysetup-bucket-allocator-block-size=33554432"
    "memorysetup-bucket-allocator-block-count=8"
    "memorysetup-main-allocator-block-size=16777216"
    "memorysetup-thread-allocator-block-size=16777216"
    "memorysetup-gfx-main-allocator-block-size=16777216"
    "memorysetup-gfx-thread-allocator-block-size=16777216"
    "memorysetup-cache-allocator-block-size=4194304"
    "memorysetup-typetree-allocator-block-size=2097152"
    "memorysetup-profiler-bucket-allocator-granularity=16"
    "memorysetup-profiler-bucket-allocator-bucket-count=8"
    "memorysetup-profiler-bucket-allocator-block-size=33554432"
    "memorysetup-profiler-bucket-allocator-block-count=8"
    "memorysetup-profiler-allocator-block-size=16777216"
    "memorysetup-profiler-editor-allocator-block-size=1048576"
    "memorysetup-temp-allocator-size-main=16777216"
    "memorysetup-job-temp-allocator-block-size=2097152"
    "memorysetup-job-temp-allocator-block-size-background=1048576"
    "memorysetup-job-temp-allocator-reduction-small-platforms=262144"
    "memorysetup-temp-allocator-size-cloud-worker=32768"
Player connection [46680]  Target information:

Player connection [46680]  * "[IP] 26.197.128.158 [Port] 0 [Flags] 2 [Guid] 140858152 [EditorId] 140858152 [Version] 1048832 [Id] WindowsEditor(7,Digi_twig) [Debug] 1 [PackageName] WindowsEditor [ProjectName] Editor" 

Player connection [46680]  * "[IP] 192.168.0.199 [Port] 0 [Flags] 2 [Guid] 140858152 [EditorId] 140858152 [Version] 1048832 [Id] WindowsEditor(7,Digi_twig) [Debug] 1 [PackageName] WindowsEditor [ProjectName] Editor" 

Player connection [46680] Host joined multi-casting on [225.0.0.222:54997]...
Player connection [46680] Host joined alternative multi-casting on [225.0.0.222:34997]...
JobSystem: Creating JobQueue using job-worker-count value 5
Input System module state changed to: Initialized.
[Physics::Module] Initialized fallback backend.
[Physics::Module] Id: 0xdecafbad
Library Redirect Path: Library/
[Physics::Module] Selected backend.
[Physics::Module] Name: PhysX
[Physics::Module] Id: 0xf2b8ea05
[Physics::Module] SDK Version: 4.1.2
[Physics::Module] Integration Version: 1.0.0
[Physics::Module] Threading Mode: Multi-Threaded
Refreshing native plugins compatible for Editor in 16.02 ms, found 4 plugins.
Preloading 0 native plugins for Editor in 0.00 ms.
Initialize engine version: 6000.3.8f1 (1c7db571dde0)
[Subsystems] Discovering subsystems at path C:/Program Files/Unity/Hub/Editor/6000.3.8f1/Editor/Data/Resources/UnitySubsystems
[Subsystems] Discovering subsystems at path D:/MasterCrabHunter(cenario)/Assets
GfxDevice: creating device client; kGfxThreadingModeNonThreaded
Direct3D:
    Version:  Direct3D 11.0 [level 11.1]
    Renderer: NVIDIA GeForce RTX 2050 (ID=0x25ed)
    Vendor:   NVIDIA
    VRAM:     3964 MB
    Driver:   32.0.15.6636
Initialize mono
Mono path[0] = 'C:/Program Files/Unity/Hub/Editor/6000.3.8f1/Editor/Data/Managed'
Mono path[1] = 'C:/Program Files/Unity/Hub/Editor/6000.3.8f1/Editor/Data/MonoBleedingEdge/lib/mono/unityjit-win32'
Mono config path = 'C:/Program Files/Unity/Hub/Editor/6000.3.8f1/Editor/Data/MonoBleedingEdge/etc'
Using monoOptions --debugger-agent=transport=dt_socket,embedding=1,server=y,suspend=n,address=127.0.0.1:56676
Begin MonoManager ReloadAssembly
Registering precompiled unity dll's ...
Register platform support module: C:/Program Files/Unity/Hub/Editor/6000.3.8f1/Editor/Data/PlaybackEngines/WindowsStandaloneSupport/UnityEditor.WindowsStandalone.Extensions.dll
Registered in 0.005028 seconds.
- Loaded All Assemblies, in  0.891 seconds
Native extension for WindowsStandalone target not found
ScheduleIndexationOnStartup MainProcess:False IndexOnStartup:True
Mono: successfully reloaded assembly
- Finished resetting the current domain, in  1.504 seconds
Domain Reload Profiling: 2387ms
	BeginReloadAssembly (325ms)
		ExecutionOrderSort (0ms)
		DisableScriptedObjects (0ms)
		BackupInstance (0ms)
		ReleaseScriptingObjects (0ms)
		CreateAndSetChildDomain (1ms)
	RebuildCommonClasses (86ms)
	RebuildNativeTypeToScriptingClass (21ms)
	initialDomainReloadingComplete (101ms)
	LoadAllAssembliesAndSetupDomain (349ms)
		LoadAssemblies (316ms)
		RebuildTransferFunctionScriptingTraits (0ms)
		AnalyzeDomain (344ms)
			TypeCache.Refresh (340ms)
				TypeCache.ScanAssembly (310ms)
			BuildScriptInfoCaches (0ms)
			ResolveRequiredComponents (1ms)
	FinalizeReload (1505ms)
		ReleaseScriptCaches (0ms)
		RebuildScriptCaches (0ms)
		SetupLoadedEditorAssemblies (1136ms)
			LogAssemblyErrors (0ms)
			InitializePlatformSupportModulesInManaged (83ms)
			SetLoadedEditorAssemblies (6ms)
			BeforeProcessingInitializeOnLoad (234ms)
			ProcessInitializeOnLoadAttributes (557ms)
			ProcessInitializeOnLoadMethodAttributes (256ms)
			AfterProcessingInitializeOnLoad (0ms)
			EditorAssembliesLoaded (0ms)
		ExecutionOrderSort2 (0ms)
		AwakeInstancesAfterBackupRestoration (0ms)
========================================================================
Worker process is ready to serve import requests
Import Worker Mode flag is 0x00
[Licensing::Client] Handshaking with LicensingClient:
  Version:                 1.17.4+4293ba1
  Session Id:              7c56496ff86b40e096114855a2f41ec8
  Correlation Id:          fabd442f5ec14cbcdde442c1929c2b5c
  External correlation Id: 2973017053092007022
  Machine Id:              KtsiXdAM/uV36trPzjml9a5Sk5I=
[Licensing::Module] Successfully connected to LicensingClient on channel: "LicenseClient-wavul" (connect: 0.00s, validation: 0.01s, handshake: 4.65s)
[Licensing::IpcConnector] Successfully connected to: "LicenseClient-wavul-notifications" at "2026-05-11T13:34:26.6949017Z"
[Licensing::Module] Licensing Background thread has ended after 4.66s
Begin MonoManager ReloadAssembly
[Licensing::Client] Successfully resolved entitlement details
[Licensing::Module] License group:
  Id: 4674195954208-UnityPersXXXX
  Product: Unity Personal
  Type: Assigned
  Expiration: Unlimited
- Loaded All Assemblies, in  1.761 seconds
Refreshing native plugins compatible for Editor in 4.83 ms, found 4 plugins.
Native extension for WindowsStandalone target not found
Package Manager log level set to [2]
[Package Manager] Failed to launch server process. Reason: Unity was launched with the -noUpm command-line argument
[Package Manager] Unable to send message (not connected to server process).
[Package Manager] Cannot connect to Unity Package Manager local server
ScheduleIndexationOnStartup MainProcess:False IndexOnStartup:True
Mono: successfully reloaded assembly
- Finished resetting the current domain, in  1.419 seconds
Domain Reload Profiling: 3175ms
	BeginReloadAssembly (365ms)
		ExecutionOrderSort (0ms)
		DisableScriptedObjects (12ms)
		BackupInstance (0ms)
		ReleaseScriptingObjects (0ms)
		CreateAndSetChildDomain (72ms)
	RebuildCommonClasses (57ms)
	RebuildNativeTypeToScriptingClass (16ms)
	initialDomainReloadingComplete (54ms)
	LoadAllAssembliesAndSetupDomain (1263ms)
		LoadAssemblies (949ms)
		RebuildTransferFunctionScriptingTraits (0ms)
		AnalyzeDomain (516ms)
			TypeCache.Refresh (390ms)
				TypeCache.ScanAssembly (367ms)
			BuildScriptInfoCaches (106ms)
			ResolveRequiredComponents (15ms)
	FinalizeReload (1420ms)
		ReleaseScriptCaches (0ms)
		RebuildScriptCaches (0ms)
		SetupLoadedEditorAssemblies (1166ms)
			LogAssemblyErrors (0ms)
			InitializePlatformSupportModulesInManaged (3ms)
			SetLoadedEditorAssemblies (7ms)
			BeforeProcessingInitializeOnLoad (240ms)
			ProcessInitializeOnLoadAttributes (674ms)
			ProcessInitializeOnLoadMethodAttributes (231ms)
			AfterProcessingInitializeOnLoad (11ms)
			EditorAssembliesLoaded (0ms)
		ExecutionOrderSort2 (0ms)
		AwakeInstancesAfterBackupRestoration (11ms)
Launched and connected shader compiler UnityShaderCompiler.exe after 0.02 seconds
Refreshing native plugins compatible for Editor in 2.59 ms, found 4 plugins.
Preloading 0 native plugins for Editor in 0.00 ms.
Unloading 16 Unused Serialized files (Serialized files now loaded: 0)
Unloading 6909 unused Assets / (5.1 MB). Loaded Objects now: 7727.
Memory consumption went from 153.9 MB to 148.8 MB.
Total: 13.700200 ms (FindLiveObjects: 0.817700 ms CreateObjectMapping: 1.264300 ms MarkObjects: 7.839600 ms  DeleteObjects: 3.776600 ms)

========================================================================
Received Import Request.
  Time since last request: 680591.872225 seconds.
  path: Assets/Scenes/SampleScene
  artifactKey: Guid(824d211eac13fd54fb73f18e631da339) Importer(815301076,1909f56bfc062723c751e8b465ee728b)
Start importing Assets/Scenes/SampleScene using Guid(824d211eac13fd54fb73f18e631da339) Importer(815301076,1909f56bfc062723c751e8b465ee728b) (PreviewImporter) -> (artifact id: '326f2502b99344278727d02b20227809') in 0.0137347 seconds
Number of updated asset objects reloaded before import = 0Number of asset objects unloaded after import = 0

========================================================================
Received Import Request.
  Time since last request: 1385.386677 seconds.
  path: Assets/_Sprites/piso do mercado/detalhe do chao/estradinha brilhosa/estradinha brilhosa 4.png
  artifactKey: Guid(583a1e48f530e2b49ab668b31378aa8f) Importer(2089858483,b0f066a214c2f5e87bad3c948f4d605d)
Start importing Assets/_Sprites/piso do mercado/detalhe do chao/estradinha brilhosa/estradinha brilhosa 4.png using Guid(583a1e48f530e2b49ab668b31378aa8f) Importer(2089858483,b0f066a214c2f5e87bad3c948f4d605d) (ScriptedImporter) -> (artifact id: '7be04cb7105c2f32e2e8b269d78d1e54') in 2.6887863 seconds
Number of updated asset objects reloaded before import = 0Number of asset objects unloaded after import = 3

========================================================================
Received Import Request.
  Time since last request: 39.748844 seconds.
  path: Assets/_Sprites/piso do mercado/detalhe do chao/estradinha brilhosa/estradinha brilhosa 4.asset
  artifactKey: Guid(e3bf4a7880b15ec4f89585006a731ea7) Importer(815301076,1909f56bfc062723c751e8b465ee728b)
Start importing Assets/_Sprites/piso do mercado/detalhe do chao/estradinha brilhosa/estradinha brilhosa 4.asset using Guid(e3bf4a7880b15ec4f89585006a731ea7) Importer(815301076,1909f56bfc062723c751e8b465ee728b) (PreviewImporter) -> (artifact id: '73b397dc1a754cd59c73f94c9e9b20ab') in 0.3593208 seconds
Number of updated asset objects reloaded before import = 0Number of asset objects unloaded after import = 3

========================================================================
Received Import Request.
  Time since last request: 0.474436 seconds.
  path: Assets/_Sprites/piso do mercado/detalhe do chao/estradinha brilhosa/estradinha brilhosa 4.asset
  artifactKey: Guid(e3bf4a7880b15ec4f89585006a731ea7) Importer(2089858483,b0f066a214c2f5e87bad3c948f4d605d)
Start importing Assets/_Sprites/piso do mercado/detalhe do chao/estradinha brilhosa/estradinha brilhosa 4.asset using Guid(e3bf4a7880b15ec4f89585006a731ea7) Importer(2089858483,b0f066a214c2f5e87bad3c948f4d605d) (ScriptedImporter) -> (artifact id: 'c13a5810a50bec11fad13e01a0e2cd64') in 0.1099768 seconds
Number of updated asset objects reloaded before import = 0Number of asset objects unloaded after import = 2

========================================================================
Received Import Request.
  Time since last request: 0.000026 seconds.
  path: Assets/_Sprites/piso do mercado/detalhe do chao/estradinha brilhosa/estradinha brilhosa.prefab
  artifactKey: Guid(71214dc24c5a3a24f9f7cbfc95556271) Importer(2089858483,b0f066a214c2f5e87bad3c948f4d605d)
Start importing Assets/_Sprites/piso do mercado/detalhe do chao/estradinha brilhosa/estradinha brilhosa.prefab using Guid(71214dc24c5a3a24f9f7cbfc95556271) Importer(2089858483,b0f066a214c2f5e87bad3c948f4d605d) (ScriptedImporter) -> (artifact id: '241e734a3265dcea78835cbdf8383636') in 0.050504 seconds
Number of updated asset objects reloaded before import = 0Number of asset objects unloaded after import = 10

========================================================================
Received Import Request.
  Time since last request: 997.229101 seconds.
  path: Assets/_Sprites/piso do mercado/detalhe do chao/estradinha brilhosa/estradinha brilhosa 5.asset
  artifactKey: Guid(805e3ad3614215341823f6e0d0905633) Importer(815301076,1909f56bfc062723c751e8b465ee728b)
Start importing Assets/_Sprites/piso do mercado/detalhe do chao/estradinha brilhosa/estradinha brilhosa 5.asset using Guid(805e3ad3614215341823f6e0d0905633) Importer(815301076,1909f56bfc062723c751e8b465ee728b) (PreviewImporter) -> (artifact id: 'ec20e3ead24765c82bc37942415ee7aa') in 0.1741411 seconds
Number of updated asset objects reloaded before import = 0Number of asset objects unloaded after import = 3

========================================================================
Received Import Request.
  Time since last request: 0.612776 seconds.
  path: Assets/_Sprites/piso do mercado/detalhe do chao/estradinha brilhosa/estradinha brilhosa.prefab
  artifactKey: Guid(71214dc24c5a3a24f9f7cbfc95556271) Importer(2089858483,b0f066a214c2f5e87bad3c948f4d605d)
Start importing Assets/_Sprites/piso do mercado/detalhe do chao/estradinha brilhosa/estradinha brilhosa.prefab using Guid(71214dc24c5a3a24f9f7cbfc95556271) Importer(2089858483,b0f066a214c2f5e87bad3c948f4d605d) (ScriptedImporter) -> (artifact id: 'cf5d14a50f308ee191bb6202a117eb12') in 0.1004606 seconds
Number of updated asset objects reloaded before import = 0Number of asset objects unloaded after import = 10

========================================================================
Received Import Request.
  Time since last request: 16.561207 seconds.
  path: Assets/_Sprites/piso do mercado/detalhe do chao/estradinha brilhosa/estradinha brilhosa 5.asset
  artifactKey: Guid(805e3ad3614215341823f6e0d0905633) Importer(815301076,1909f56bfc062723c751e8b465ee728b)
Start importing Assets/_Sprites/piso do mercado/detalhe do chao/estradinha brilhosa/estradinha brilhosa 5.asset using Guid(805e3ad3614215341823f6e0d0905633) Importer(815301076,1909f56bfc062723c751e8b465ee728b) (PreviewImporter) -> (artifact id: '7cd5b19dc5be3615de0e8e7cd2a1000f') in 0.0211379 seconds
Number of updated asset objects reloaded before import = 0Number of asset objects unloaded after import = 1

========================================================================
Received Import Request.
  Time since last request: 9.863319 seconds.
  path: Assets/_Sprites/piso do mercado/detalhe do chao/estradinha brilhosa/estradinha brilhosa 5_0.asset
  artifactKey: Guid(61b2ebed8fa147b46a9d2de1d4b28896) Importer(815301076,1909f56bfc062723c751e8b465ee728b)
Start importing Assets/_Sprites/piso do mercado/detalhe do chao/estradinha brilhosa/estradinha brilhosa 5_0.asset using Guid(61b2ebed8fa147b46a9d2de1d4b28896) Importer(815301076,1909f56bfc062723c751e8b465ee728b) (PreviewImporter) -> (artifact id: '1c68d111c3fbce34e6e90f92b0c54bf4') in 0.0238514 seconds
Number of updated asset objects reloaded before import = 0Number of asset objects unloaded after import = 3

========================================================================
Received Import Request.
  Time since last request: 0.756052 seconds.
  path: Assets/_Sprites/piso do mercado/detalhe do chao/estradinha brilhosa/estradinha brilhosa.prefab
  artifactKey: Guid(71214dc24c5a3a24f9f7cbfc95556271) Importer(2089858483,b0f066a214c2f5e87bad3c948f4d605d)
Start importing Assets/_Sprites/piso do mercado/detalhe do chao/estradinha brilhosa/estradinha brilhosa.prefab using Guid(71214dc24c5a3a24f9f7cbfc95556271) Importer(2089858483,b0f066a214c2f5e87bad3c948f4d605d) (ScriptedImporter) -> (artifact id: '1a9fa5f252187e4a1ee9608d1a19d48c') in 0.0240452 seconds
Number of updated asset objects reloaded before import = 0Number of asset objects unloaded after import = 10

========================================================================
Received Import Request.
  Time since last request: 56.730089 seconds.
  path: Assets/_Sprites/piso do mercado/detalhe do chao/estradinha brilhosa/estradinha brilhosa 5_0.asset
  artifactKey: Guid(61b2ebed8fa147b46a9d2de1d4b28896) Importer(815301076,1909f56bfc062723c751e8b465ee728b)
Start importing Assets/_Sprites/piso do mercado/detalhe do chao/estradinha brilhosa/estradinha brilhosa 5_0.asset using Guid(61b2ebed8fa147b46a9d2de1d4b28896) Importer(815301076,1909f56bfc062723c751e8b465ee728b) (PreviewImporter) -> (artifact id: 'fa3a144172e4af419db098478f43d32d') in 0.0102944 seconds
Number of updated asset objects reloaded before import = 0Number of asset objects unloaded after import = 1

========================================================================
Received Import Request.
  Time since last request: 321.911148 seconds.
  path: Assets/_Sprites/piso do mercado/Paleta_Mercado.prefab
  artifactKey: Guid(03a026f541e36ea4c94bb91b1cb17727) Importer(815301076,1909f56bfc062723c751e8b465ee728b)
Start importing Assets/_Sprites/piso do mercado/Paleta_Mercado.prefab using Guid(03a026f541e36ea4c94bb91b1cb17727) Importer(815301076,1909f56bfc062723c751e8b465ee728b) (PreviewImporter) -> (artifact id: 'b1a3275a65ba0dc219150ae888bb31ff') in 1.2376438 seconds
Number of updated asset objects reloaded before import = 0Number of asset objects unloaded after import = 18

========================================================================
Received Import Request.
  Time since last request: 76.561630 seconds.
  path: Assets/_Sprites/piso do mercado/Paleta_Mercado.prefab
  artifactKey: Guid(03a026f541e36ea4c94bb91b1cb17727) Importer(815301076,1909f56bfc062723c751e8b465ee728b)
Start importing Assets/_Sprites/piso do mercado/Paleta_Mercado.prefab using Guid(03a026f541e36ea4c94bb91b1cb17727) Importer(815301076,1909f56bfc062723c751e8b465ee728b) (PreviewImporter) -> (artifact id: '3ff945dcfedbc3b6900f25bc21f9356d') in 0.0171765 seconds
Number of updated asset objects reloaded before import = 0Number of asset objects unloaded after import = 14

========================================================================
Received Import Request.
  Time since last request: 0.428044 seconds.
  path: Assets/_Sprites/piso do mercado/piso do mercado 1_0.asset
  artifactKey: Guid(8695ad4970da4c649b6e1d037b5bd8ed) Importer(815301076,1909f56bfc062723c751e8b465ee728b)
Start importing Assets/_Sprites/piso do mercado/piso do mercado 1_0.asset using Guid(8695ad4970da4c649b6e1d037b5bd8ed) Importer(815301076,1909f56bfc062723c751e8b465ee728b) (PreviewImporter) -> (artifact id: '6ed89d6f51f4c2a9ee605ad093fec212') in 0.0063568 seconds
Number of updated asset objects reloaded before import = 0Number of asset objects unloaded after import = 1

========================================================================
Received Import Request.
  Time since last request: 0.000026 seconds.
  path: Assets/_Sprites/piso do mercado/piso do mercado 1.png
  artifactKey: Guid(0c922129d27e4e545a7f451f22f158df) Importer(815301076,1909f56bfc062723c751e8b465ee728b)
Start importing Assets/_Sprites/piso do mercado/piso do mercado 1.png using Guid(0c922129d27e4e545a7f451f22f158df) Importer(815301076,1909f56bfc062723c751e8b465ee728b) (PreviewImporter) -> (artifact id: '3f40e48ed28c35c19e2dab15eae2a324') in 0.0547044 seconds
Number of updated asset objects reloaded before import = 0Number of asset objects unloaded after import = 3

========================================================================
Received Import Request.
  Time since last request: 0.258434 seconds.
  path: Assets/_Sprites/piso do mercado/piso do mercado 3.png
  artifactKey: Guid(e0b7d2d92e4f369468adb8b01e6f45d5) Importer(2089858483,b0f066a214c2f5e87bad3c948f4d605d)
Start importing Assets/_Sprites/piso do mercado/piso do mercado 3.png using Guid(e0b7d2d92e4f369468adb8b01e6f45d5) Importer(2089858483,b0f066a214c2f5e87bad3c948f4d605d) (ScriptedImporter) -> (artifact id: '8de0b3ac612e8b98b2ed9ae9f7e75931') in 0.0234193 seconds
Number of updated asset objects reloaded before import = 0Number of asset objects unloaded after import = 3

========================================================================
Received Import Request.
  Time since last request: 9.764561 seconds.
  path: Assets/_Sprites/piso do mercado/detalhe do chao/estradinha brilhosa/piso do mercado 1.asset
  artifactKey: Guid(17d8bf5258886d24fbce5339895ec243) Importer(2089858483,b0f066a214c2f5e87bad3c948f4d605d)
Start importing Assets/_Sprites/piso do mercado/detalhe do chao/estradinha brilhosa/piso do mercado 1.asset using Guid(17d8bf5258886d24fbce5339895ec243) Importer(2089858483,b0f066a214c2f5e87bad3c948f4d605d) (ScriptedImporter) -> (artifact id: '89b92ada39cde54d907fbc8f7f3834bb') in 0.01873 seconds
Number of updated asset objects reloaded before import = 0Number of asset objects unloaded after import = 2

Editor requested this worker to shutdown with reason: Scaling down because of idle timeout
AssetImportWorker is now disconnected from the server
Process exiting
Exiting without the bug reporter. Application will terminate with return code 0