[Licensing::Module] Trying to connect to existing licensing client channel...
[Licensing::IpcConnector] Successfully connected to: "LicenseClient-wavul" at "2026-05-20T18:08:35.2827412Z"
Built from '6000.3/staging' branch; Version is '6000.3.8f1 (1c7db571dde0) revision 1867189'; Using compiler version '194234433'; Build Type 'Release'
OS: 'Windows 11  (10.0.26200) CoreSingleLanguage' Language: 'pt' Physical Memory: 16108 MB
BatchMode: 1, IsHumanControllingUs: 0, StartBugReporterOnCrash: 0, Is64bit: 1
System  architecture: x64
Process architecture: x64
Date: 2026-05-20T18:08:35Z

COMMAND LINE ARGUMENTS:
C:\Program Files\Unity\Hub\Editor\6000.3.8f1\Editor\Unity.exe
-adb2
-batchMode
-noUpm
-name
AssetImportWorker0
-projectPath
D:/MasterCrabHunter(cenario)
-logFile
Logs/AssetImportWorker0.log
-srvPort
58250
-licensingIpc
LicenseClient-wavul
-job-worker-count
5
-background-job-worker-count
8
-gc-helper-count
1
-name
AssetImport
Successfully changed project path to: D:/MasterCrabHunter(cenario)
D:/MasterCrabHunter(cenario)
[UnityMemory] Configuration Parameters - Can be set up in boot.config
    "memorysetup-temp-allocator-size-nav-mesh-worker=65536"
    "memorysetup-temp-allocator-size-audio-worker=65536"
    "memorysetup-temp-allocator-size-gfx=262144"
    "memorysetup-allocator-temp-initial-block-size-main=262144"
    "memorysetup-allocator-temp-initial-block-size-worker=262144"
    "memorysetup-temp-allocator-size-background-worker=32768"
    "memorysetup-temp-allocator-size-job-worker=262144"
    "memorysetup-temp-allocator-size-preload-manager=33554432"
    "memorysetup-temp-allocator-size-gi-baking-worker=262144"
    "memorysetup-temp-allocator-size-gi-baking-worker=262144"
    "memorysetup-temp-allocator-size-gi-baking-worker=262144"
    "memorysetup-temp-allocator-size-gi-baking-worker=262144"
    "memorysetup-temp-allocator-size-gi-baking-worker=262144"
    "memorysetup-bucket-allocator-granularity=16"
    "memorysetup-bucket-allocator-bucket-count=8"
    "memorysetup-bucket-allocator-block-size=33554432"
    "memorysetup-bucket-allocator-block-count=8"
    "memorysetup-main-allocator-block-size=16777216"
    "memorysetup-thread-allocator-block-size=16777216"
    "memorysetup-gfx-main-allocator-block-size=16777216"
    "memorysetup-gfx-thread-allocator-block-size=16777216"
    "memorysetup-cache-allocator-block-size=4194304"
    "memorysetup-typetree-allocator-block-size=2097152"
    "memorysetup-profiler-bucket-allocator-granularity=16"
    "memorysetup-profiler-bucket-allocator-bucket-count=8"
    "memorysetup-profiler-bucket-allocator-block-size=33554432"
    "memorysetup-profiler-bucket-allocator-block-count=8"
    "memorysetup-profiler-allocator-block-size=16777216"
    "memorysetup-profiler-editor-allocator-block-size=1048576"
    "memorysetup-temp-allocator-size-main=16777216"
    "memorysetup-job-temp-allocator-block-size=2097152"
    "memorysetup-job-temp-allocator-block-size-background=1048576"
    "memorysetup-job-temp-allocator-reduction-small-platforms=262144"
    "memorysetup-temp-allocator-size-cloud-worker=32768"
Player connection [25568]  Target information:

Player connection [25568]  * "[IP] 26.197.128.158 [Port] 0 [Flags] 2 [Guid] 441522795 [EditorId] 441522795 [Version] 1048832 [Id] WindowsEditor(7,Digi_twig) [Debug] 1 [PackageName] WindowsEditor [ProjectName] Editor" 

Player connection [25568]  * "[IP] 192.168.0.199 [Port] 0 [Flags] 2 [Guid] 441522795 [EditorId] 441522795 [Version] 1048832 [Id] WindowsEditor(7,Digi_twig) [Debug] 1 [PackageName] WindowsEditor [ProjectName] Editor" 

Player connection [25568] Host joined multi-casting on [225.0.0.222:54997]...
Player connection [25568] Host joined alternative multi-casting on [225.0.0.222:34997]...
JobSystem: Creating JobQueue using job-worker-count value 5
Input System module state changed to: Initialized.
[Physics::Module] Initialized fallback backend.
[Physics::Module] Id: 0xdecafbad
Library Redirect Path: Library/
[Physics::Module] Selected backend.
[Physics::Module] Name: PhysX
[Physics::Module] Id: 0xf2b8ea05
[Physics::Module] SDK Version: 4.1.2
[Physics::Module] Integration Version: 1.0.0
[Physics::Module] Threading Mode: Multi-Threaded
Refreshing native plugins compatible for Editor in 6.06 ms, found 4 plugins.
Preloading 0 native plugins for Editor in 0.00 ms.
Initialize engine version: 6000.3.8f1 (1c7db571dde0)
[Subsystems] Discovering subsystems at path C:/Program Files/Unity/Hub/Editor/6000.3.8f1/Editor/Data/Resources/UnitySubsystems
[Subsystems] Discovering subsystems at path D:/MasterCrabHunter(cenario)/Assets
GfxDevice: creating device client; kGfxThreadingModeNonThreaded
Direct3D:
    Version:  Direct3D 11.0 [level 11.1]
    Renderer: NVIDIA GeForce RTX 2050 (ID=0x25ed)
    Vendor:   NVIDIA
    VRAM:     3964 MB
    Driver:   32.0.15.6636
Initialize mono
Mono path[0] = 'C:/Program Files/Unity/Hub/Editor/6000.3.8f1/Editor/Data/Managed'
Mono path[1] = 'C:/Program Files/Unity/Hub/Editor/6000.3.8f1/Editor/Data/MonoBleedingEdge/lib/mono/unityjit-win32'
Mono config path = 'C:/Program Files/Unity/Hub/Editor/6000.3.8f1/Editor/Data/MonoBleedingEdge/etc'
Using monoOptions --debugger-agent=transport=dt_socket,embedding=1,server=y,suspend=n,address=127.0.0.1:56736
Begin MonoManager ReloadAssembly
Registering precompiled unity dll's ...
Register platform support module: C:/Program Files/Unity/Hub/Editor/6000.3.8f1/Editor/Data/PlaybackEngines/WindowsStandaloneSupport/UnityEditor.WindowsStandalone.Extensions.dll
Registered in 0.010623 seconds.
- Loaded All Assemblies, in  1.479 seconds
Native extension for WindowsStandalone target not found
ScheduleIndexationOnStartup MainProcess:False IndexOnStartup:True
Mono: successfully reloaded assembly
- Finished resetting the current domain, in  1.318 seconds
Domain Reload Profiling: 2789ms
	BeginReloadAssembly (552ms)
		ExecutionOrderSort (0ms)
		DisableScriptedObjects (0ms)
		BackupInstance (0ms)
		ReleaseScriptingObjects (0ms)
		CreateAndSetChildDomain (3ms)
	RebuildCommonClasses (163ms)
	RebuildNativeTypeToScriptingClass (30ms)
	initialDomainReloadingComplete (175ms)
	LoadAllAssembliesAndSetupDomain (550ms)
		LoadAssemblies (541ms)
		RebuildTransferFunctionScriptingTraits (0ms)
		AnalyzeDomain (529ms)
			TypeCache.Refresh (525ms)
				TypeCache.ScanAssembly (450ms)
			BuildScriptInfoCaches (0ms)
			ResolveRequiredComponents (1ms)
	FinalizeReload (1319ms)
		ReleaseScriptCaches (0ms)
		RebuildScriptCaches (0ms)
		SetupLoadedEditorAssemblies (1214ms)
			LogAssemblyErrors (0ms)
			InitializePlatformSupportModulesInManaged (119ms)
			SetLoadedEditorAssemblies (8ms)
			BeforeProcessingInitializeOnLoad (180ms)
			ProcessInitializeOnLoadAttributes (381ms)
			ProcessInitializeOnLoadMethodAttributes (523ms)
			AfterProcessingInitializeOnLoad (0ms)
			EditorAssembliesLoaded (4ms)
		ExecutionOrderSort2 (0ms)
		AwakeInstancesAfterBackupRestoration (0ms)
========================================================================
Worker process is ready to serve import requests
Import Worker Mode flag is 0x00
[Licensing::Client] Handshaking with LicensingClient:
  Version:                 1.17.4+4293ba1
  Session Id:              b5e38b4c6cf24066968427d59b8b1269
  Correlation Id:          105c29228985e94f401ecd67beba4919
  External correlation Id: 3402335891342214045
  Machine Id:              KtsiXdAM/uV36trPzjml9a5Sk5I=
[Licensing::Module] Successfully connected to LicensingClient on channel: "LicenseClient-wavul" (connect: 0.00s, validation: 0.01s, handshake: 4.77s)
[Licensing::IpcConnector] Successfully connected to: "LicenseClient-wavul-notifications" at "2026-05-20T18:08:40.060756Z"
[Licensing::Module] Licensing Background thread has ended after 4.78s
Begin MonoManager ReloadAssembly
[Licensing::Client] Successfully resolved entitlement details
[Licensing::Module] License group:
  Id: 4674195954208-UnityPersXXXX
  Product: Unity Personal
  Type: Assigned
  Expiration: Unlimited
- Loaded All Assemblies, in  1.691 seconds
Refreshing native plugins compatible for Editor in 4.05 ms, found 4 plugins.
Native extension for WindowsStandalone target not found
Package Manager log level set to [2]
[Package Manager] Failed to launch server process. Reason: Unity was launched with the -noUpm command-line argument
[Package Manager] Unable to send message (not connected to server process).
[Package Manager] Cannot connect to Unity Package Manager local server
ScheduleIndexationOnStartup MainProcess:False IndexOnStartup:True
Mono: successfully reloaded assembly
- Finished resetting the current domain, in  1.518 seconds
Domain Reload Profiling: 3201ms
	BeginReloadAssembly (355ms)
		ExecutionOrderSort (0ms)
		DisableScriptedObjects (12ms)
		BackupInstance (0ms)
		ReleaseScriptingObjects (0ms)
		CreateAndSetChildDomain (55ms)
	RebuildCommonClasses (71ms)
	RebuildNativeTypeToScriptingClass (24ms)
	initialDomainReloadingComplete (74ms)
	LoadAllAssembliesAndSetupDomain (1158ms)
		LoadAssemblies (781ms)
		RebuildTransferFunctionScriptingTraits (0ms)
		AnalyzeDomain (579ms)
			TypeCache.Refresh (421ms)
				TypeCache.ScanAssembly (398ms)
			BuildScriptInfoCaches (131ms)
			ResolveRequiredComponents (20ms)
	FinalizeReload (1518ms)
		ReleaseScriptCaches (0ms)
		RebuildScriptCaches (0ms)
		SetupLoadedEditorAssemblies (1226ms)
			LogAssemblyErrors (0ms)
			InitializePlatformSupportModulesInManaged (2ms)
			SetLoadedEditorAssemblies (5ms)
			BeforeProcessingInitializeOnLoad (270ms)
			ProcessInitializeOnLoadAttributes (674ms)
			ProcessInitializeOnLoadMethodAttributes (264ms)
			AfterProcessingInitializeOnLoad (9ms)
			EditorAssembliesLoaded (2ms)
		ExecutionOrderSort2 (0ms)
		AwakeInstancesAfterBackupRestoration (12ms)
Launched and connected shader compiler UnityShaderCompiler.exe after 0.02 seconds
Refreshing native plugins compatible for Editor in 1.68 ms, found 4 plugins.
Preloading 0 native plugins for Editor in 0.00 ms.
Unloading 16 Unused Serialized files (Serialized files now loaded: 0)
Unloading 6909 unused Assets / (4.3 MB). Loaded Objects now: 7727.
Memory consumption went from 154.2 MB to 149.9 MB.
Total: 12.772700 ms (FindLiveObjects: 1.566300 ms CreateObjectMapping: 0.621200 ms MarkObjects: 7.889900 ms  DeleteObjects: 2.694000 ms)

========================================================================
Received Import Request.
  Time since last request: 61563.141335 seconds.
  path: Assets/_Sprites/bancadasdeperto/bancadas_de_perto.prefab
  artifactKey: Guid(755ac84ea4d31464295cc9c3fc6d6c42) Importer(815301076,1909f56bfc062723c751e8b465ee728b)
Start importing Assets/_Sprites/bancadasdeperto/bancadas_de_perto.prefab using Guid(755ac84ea4d31464295cc9c3fc6d6c42) Importer(815301076,1909f56bfc062723c751e8b465ee728b) (PreviewImporter) -> (artifact id: 'e3c2f65e28df64db1b594b5b6c84617d') in 0.6076904 seconds
Number of updated asset objects reloaded before import = 0Number of asset objects unloaded after import = 19

========================================================================
Received Import Request.
  Time since last request: 14.295890 seconds.
  path: Assets/_Sprites/bancadasdeperto/bancada3deperto.png
  artifactKey: Guid(fbb18498c1db20049a4ab83753341051) Importer(815301076,1909f56bfc062723c751e8b465ee728b)
Start importing Assets/_Sprites/bancadasdeperto/bancada3deperto.png using Guid(fbb18498c1db20049a4ab83753341051) Importer(815301076,1909f56bfc062723c751e8b465ee728b) (PreviewImporter) -> (artifact id: '1b74ca9ee9dcf9969085fc8d34ef1897') in 0.1233756 seconds
Number of updated asset objects reloaded before import = 0Number of asset objects unloaded after import = 3

========================================================================
Received Import Request.
  Time since last request: 0.755992 seconds.
  path: Assets/_Sprites/bancadasdeperto/bancada3deperto.png
  artifactKey: Guid(fbb18498c1db20049a4ab83753341051) Importer(2089858483,b0f066a214c2f5e87bad3c948f4d605d)
Start importing Assets/_Sprites/bancadasdeperto/bancada3deperto.png using Guid(fbb18498c1db20049a4ab83753341051) Importer(2089858483,b0f066a214c2f5e87bad3c948f4d605d) (ScriptedImporter) -> (artifact id: 'd51acaa1f3c92a712c6c79982519784a') in 0.1710444 seconds
Number of updated asset objects reloaded before import = 0Number of asset objects unloaded after import = 3

========================================================================
Received Import Request.
  Time since last request: 21.614313 seconds.
  path: Assets/_Sprites/bancadasdeperto/bancada3deperto.asset
  artifactKey: Guid(6e33835336362ee41951d77a6aae3ed1) Importer(815301076,1909f56bfc062723c751e8b465ee728b)
Start importing Assets/_Sprites/bancadasdeperto/bancada3deperto.asset using Guid(6e33835336362ee41951d77a6aae3ed1) Importer(815301076,1909f56bfc062723c751e8b465ee728b) (PreviewImporter) -> (artifact id: '0b809fa415768f3e915484ecc40dee05') in 0.0371535 seconds
Number of updated asset objects reloaded before import = 0Number of asset objects unloaded after import = 3

========================================================================
Received Import Request.
  Time since last request: 0.872433 seconds.
  path: Assets/_Sprites/bancadasdeperto/bancada3deperto.asset
  artifactKey: Guid(6e33835336362ee41951d77a6aae3ed1) Importer(2089858483,b0f066a214c2f5e87bad3c948f4d605d)
Start importing Assets/_Sprites/bancadasdeperto/bancada3deperto.asset using Guid(6e33835336362ee41951d77a6aae3ed1) Importer(2089858483,b0f066a214c2f5e87bad3c948f4d605d) (ScriptedImporter) -> (artifact id: 'd8d6adba0b484e56381bf004b1a6976d') in 0.0385 seconds
Number of updated asset objects reloaded before import = 0Number of asset objects unloaded after import = 2

========================================================================
Received Import Request.
  Time since last request: 202.199772 seconds.
  path: Assets/_Sprites/bancadasdeperto/bancada4deperto.png
  artifactKey: Guid(25ad5e06ff00e2545ae1074b4a745381) Importer(815301076,1909f56bfc062723c751e8b465ee728b)
Start importing Assets/_Sprites/bancadasdeperto/bancada4deperto.png using Guid(25ad5e06ff00e2545ae1074b4a745381) Importer(815301076,1909f56bfc062723c751e8b465ee728b) (PreviewImporter) -> (artifact id: 'ca8a5dec2546b101c6bc5a627c783d3c') in 0.1044747 seconds
Number of updated asset objects reloaded before import = 0Number of asset objects unloaded after import = 3

========================================================================
Received Import Request.
  Time since last request: 0.690247 seconds.
  path: Assets/_Sprites/bancadasdeperto/bancada4deperto.png
  artifactKey: Guid(25ad5e06ff00e2545ae1074b4a745381) Importer(2089858483,b0f066a214c2f5e87bad3c948f4d605d)
Start importing Assets/_Sprites/bancadasdeperto/bancada4deperto.png using Guid(25ad5e06ff00e2545ae1074b4a745381) Importer(2089858483,b0f066a214c2f5e87bad3c948f4d605d) (ScriptedImporter) -> (artifact id: 'f456fa1a42d196562b5c1c0fadc4dcdd') in 0.0199377 seconds
Number of updated asset objects reloaded before import = 0Number of asset objects unloaded after import = 3

========================================================================
Received Import Request.
  Time since last request: 19.507841 seconds.
  path: Assets/_Sprites/bancadasdeperto/bancada4deperto.png
  artifactKey: Guid(25ad5e06ff00e2545ae1074b4a745381) Importer(815301076,1909f56bfc062723c751e8b465ee728b)
Start importing Assets/_Sprites/bancadasdeperto/bancada4deperto.png using Guid(25ad5e06ff00e2545ae1074b4a745381) Importer(815301076,1909f56bfc062723c751e8b465ee728b) (PreviewImporter) -> (artifact id: 'a3828d24326841828c2fdd82b9b64c65') in 0.03267 seconds
Number of updated asset objects reloaded before import = 0Number of asset objects unloaded after import = 3

========================================================================
Received Import Request.
  Time since last request: 0.846950 seconds.
  path: Assets/_Sprites/bancadasdeperto/bancada4deperto.png
  artifactKey: Guid(25ad5e06ff00e2545ae1074b4a745381) Importer(2089858483,b0f066a214c2f5e87bad3c948f4d605d)
Start importing Assets/_Sprites/bancadasdeperto/bancada4deperto.png using Guid(25ad5e06ff00e2545ae1074b4a745381) Importer(2089858483,b0f066a214c2f5e87bad3c948f4d605d) (ScriptedImporter) -> (artifact id: '084bf3311a8aa6558861d75aeacb5269') in 0.0126937 seconds
Number of updated asset objects reloaded before import = 0Number of asset objects unloaded after import = 3

========================================================================
Received Import Request.
  Time since last request: 12.921097 seconds.
  path: Assets/_Sprites/bancadasdeperto/bancada4deperto.asset
  artifactKey: Guid(8872a39e6a3e3c148af6ee191ab31cbd) Importer(815301076,1909f56bfc062723c751e8b465ee728b)
Start importing Assets/_Sprites/bancadasdeperto/bancada4deperto.asset using Guid(8872a39e6a3e3c148af6ee191ab31cbd) Importer(815301076,1909f56bfc062723c751e8b465ee728b) (PreviewImporter) -> (artifact id: 'a5f1ea14a88777ec7dd046a33d3153c4') in 0.0272483 seconds
Number of updated asset objects reloaded before import = 0Number of asset objects unloaded after import = 3

========================================================================
Received Import Request.
  Time since last request: 0.806120 seconds.
  path: Assets/_Sprites/bancadasdeperto/bancada4deperto.asset
  artifactKey: Guid(8872a39e6a3e3c148af6ee191ab31cbd) Importer(2089858483,b0f066a214c2f5e87bad3c948f4d605d)
Start importing Assets/_Sprites/bancadasdeperto/bancada4deperto.asset using Guid(8872a39e6a3e3c148af6ee191ab31cbd) Importer(2089858483,b0f066a214c2f5e87bad3c948f4d605d) (ScriptedImporter) -> (artifact id: '59aff9b303166a4dd67cf0194b70f6d7') in 0.0115068 seconds
Number of updated asset objects reloaded before import = 0Number of asset objects unloaded after import = 2

========================================================================
Received Import Request.
  Time since last request: 3.842918 seconds.
  path: Assets/_Sprites/bancadasdeperto/bancadas_de_perto.prefab
  artifactKey: Guid(755ac84ea4d31464295cc9c3fc6d6c42) Importer(815301076,1909f56bfc062723c751e8b465ee728b)
Start importing Assets/_Sprites/bancadasdeperto/bancadas_de_perto.prefab using Guid(755ac84ea4d31464295cc9c3fc6d6c42) Importer(815301076,1909f56bfc062723c751e8b465ee728b) (PreviewImporter) -> (artifact id: 'dde665588cec387fa4da9ec3ea1a1b4d') in 0.0349572 seconds
Number of updated asset objects reloaded before import = 0Number of asset objects unloaded after import = 22

========================================================================
Received Import Request.
  Time since last request: 0.856542 seconds.
  path: Assets/_Sprites/bancadasdeperto/bancadas_de_perto.prefab
  artifactKey: Guid(755ac84ea4d31464295cc9c3fc6d6c42) Importer(2089858483,b0f066a214c2f5e87bad3c948f4d605d)
Start importing Assets/_Sprites/bancadasdeperto/bancadas_de_perto.prefab using Guid(755ac84ea4d31464295cc9c3fc6d6c42) Importer(2089858483,b0f066a214c2f5e87bad3c948f4d605d) (ScriptedImporter) -> (artifact id: '080c43cf0fdb73d1cdaa4c0e57bf45cc') in 0.0227449 seconds
Number of updated asset objects reloaded before import = 0Number of asset objects unloaded after import = 10

========================================================================
Received Import Request.
  Time since last request: 792.404523 seconds.
  path: Assets/_Sprites/bancadasdeperto/bancada2deperto.png
  artifactKey: Guid(18e9edb75f5977a4abd86a5621ee1a0d) Importer(815301076,1909f56bfc062723c751e8b465ee728b)
Start importing Assets/_Sprites/bancadasdeperto/bancada2deperto.png using Guid(18e9edb75f5977a4abd86a5621ee1a0d) Importer(815301076,1909f56bfc062723c751e8b465ee728b) (PreviewImporter) -> (artifact id: 'e0e24b03033a013cbaf95820ea1bf597') in 0.074701 seconds
Number of updated asset objects reloaded before import = 0Number of asset objects unloaded after import = 3

========================================================================
Received Import Request.
  Time since last request: 0.551767 seconds.
  path: Assets/_Sprites/bancadasdeperto/bancada2deperto.png
  artifactKey: Guid(18e9edb75f5977a4abd86a5621ee1a0d) Importer(2089858483,b0f066a214c2f5e87bad3c948f4d605d)
Start importing Assets/_Sprites/bancadasdeperto/bancada2deperto.png using Guid(18e9edb75f5977a4abd86a5621ee1a0d) Importer(2089858483,b0f066a214c2f5e87bad3c948f4d605d) (ScriptedImporter) -> (artifact id: 'cad2bacabfb133c02504478893bd92b1') in 0.038095 seconds
Number of updated asset objects reloaded before import = 0Number of asset objects unloaded after import = 3

========================================================================
Received Import Request.
  Time since last request: 24.161266 seconds.
  path: Assets/_Sprites/bancadasdeperto/bancada2deperto.png
  artifactKey: Guid(18e9edb75f5977a4abd86a5621ee1a0d) Importer(815301076,1909f56bfc062723c751e8b465ee728b)
Start importing Assets/_Sprites/bancadasdeperto/bancada2deperto.png using Guid(18e9edb75f5977a4abd86a5621ee1a0d) Importer(815301076,1909f56bfc062723c751e8b465ee728b) (PreviewImporter) -> (artifact id: '2784aca56bb971b401f6f2b34aa364aa') in 0.0362741 seconds
Number of updated asset objects reloaded before import = 0Number of asset objects unloaded after import = 3

========================================================================
Received Import Request.
  Time since last request: 0.796489 seconds.
  path: Assets/_Sprites/bancadasdeperto/bancada2deperto.png
  artifactKey: Guid(18e9edb75f5977a4abd86a5621ee1a0d) Importer(2089858483,b0f066a214c2f5e87bad3c948f4d605d)
Start importing Assets/_Sprites/bancadasdeperto/bancada2deperto.png using Guid(18e9edb75f5977a4abd86a5621ee1a0d) Importer(2089858483,b0f066a214c2f5e87bad3c948f4d605d) (ScriptedImporter) -> (artifact id: '4afa46915dcdfadc6acfde006ae9e6bf') in 0.0179014 seconds
Number of updated asset objects reloaded before import = 0Number of asset objects unloaded after import = 3

========================================================================
Received Import Request.
  Time since last request: 5.519978 seconds.
  path: Assets/_Sprites/bancadasdeperto/bancada2deperto.asset
  artifactKey: Guid(d21cbd741ec4f8144abab4dce29c438b) Importer(815301076,1909f56bfc062723c751e8b465ee728b)
Start importing Assets/_Sprites/bancadasdeperto/bancada2deperto.asset using Guid(d21cbd741ec4f8144abab4dce29c438b) Importer(815301076,1909f56bfc062723c751e8b465ee728b) (PreviewImporter) -> (artifact id: '1822580b8e0305a999d27d9a3a7f7e47') in 0.0167664 seconds
Number of updated asset objects reloaded before import = 0Number of asset objects unloaded after import = 3

========================================================================
Received Import Request.
  Time since last request: 0.753068 seconds.
  path: Assets/_Sprites/bancadasdeperto/bancada2deperto.asset
  artifactKey: Guid(d21cbd741ec4f8144abab4dce29c438b) Importer(2089858483,b0f066a214c2f5e87bad3c948f4d605d)
Start importing Assets/_Sprites/bancadasdeperto/bancada2deperto.asset using Guid(d21cbd741ec4f8144abab4dce29c438b) Importer(2089858483,b0f066a214c2f5e87bad3c948f4d605d) (ScriptedImporter) -> (artifact id: 'c4f605823509a14fd90488c4908fcac8') in 0.0198389 seconds
Number of updated asset objects reloaded before import = 0Number of asset objects unloaded after import = 2

========================================================================
Received Import Request.
  Time since last request: 7.827286 seconds.
  path: Assets/_Sprites/bancadasdeperto/bancadas_de_perto.prefab
  artifactKey: Guid(755ac84ea4d31464295cc9c3fc6d6c42) Importer(815301076,1909f56bfc062723c751e8b465ee728b)
Start importing Assets/_Sprites/bancadasdeperto/bancadas_de_perto.prefab using Guid(755ac84ea4d31464295cc9c3fc6d6c42) Importer(815301076,1909f56bfc062723c751e8b465ee728b) (PreviewImporter) -> (artifact id: '2e30933e72472a7e8d2c22c5639d8cc6') in 0.0395255 seconds
Number of updated asset objects reloaded before import = 0Number of asset objects unloaded after import = 22

========================================================================
Received Import Request.
  Time since last request: 0.778450 seconds.
  path: Assets/_Sprites/bancadasdeperto/bancadas_de_perto.prefab
  artifactKey: Guid(755ac84ea4d31464295cc9c3fc6d6c42) Importer(2089858483,b0f066a214c2f5e87bad3c948f4d605d)
Start importing Assets/_Sprites/bancadasdeperto/bancadas_de_perto.prefab using Guid(755ac84ea4d31464295cc9c3fc6d6c42) Importer(2089858483,b0f066a214c2f5e87bad3c948f4d605d) (ScriptedImporter) -> (artifact id: '1e459c675007e93ccb754ef20d91dafb') in 0.0229196 seconds
Number of updated asset objects reloaded before import = 0Number of asset objects unloaded after import = 10

========================================================================
Received Import Request.
  Time since last request: 2.391281 seconds.
  path: Assets/_Sprites/bancadasdeperto/bancadas_de_perto.prefab
  artifactKey: Guid(755ac84ea4d31464295cc9c3fc6d6c42) Importer(815301076,1909f56bfc062723c751e8b465ee728b)
Start importing Assets/_Sprites/bancadasdeperto/bancadas_de_perto.prefab using Guid(755ac84ea4d31464295cc9c3fc6d6c42) Importer(815301076,1909f56bfc062723c751e8b465ee728b) (PreviewImporter) -> (artifact id: '249980c164a1b7d03d013e2a372d8396') in 0.0310052 seconds
Number of updated asset objects reloaded before import = 0Number of asset objects unloaded after import = 25

========================================================================
Received Import Request.
  Time since last request: 0.889804 seconds.
  path: Assets/_Sprites/bancadasdeperto/bancadas_de_perto.prefab
  artifactKey: Guid(755ac84ea4d31464295cc9c3fc6d6c42) Importer(2089858483,b0f066a214c2f5e87bad3c948f4d605d)
Start importing Assets/_Sprites/bancadasdeperto/bancadas_de_perto.prefab using Guid(755ac84ea4d31464295cc9c3fc6d6c42) Importer(2089858483,b0f066a214c2f5e87bad3c948f4d605d) (ScriptedImporter) -> (artifact id: '1313c48d749a37d98cc83a2d775ef04d') in 0.0084366 seconds
Number of updated asset objects reloaded before import = 0Number of asset objects unloaded after import = 10

